==1020281== Memcheck, a memory error detector
==1020281== Copyright (C) 2002-2017, and GNU GPL'd, by Julian Seward et al.
==1020281== Using Valgrind-3.18.1 and LibVEX; rerun with -h for copyright info
==1020281== Command: ./minishell
==1020281== Parent PID: 1020017
==1020281== 
==1020281== 
==1020281== HEAP SUMMARY:
==1020281==     in use at exit: 467 bytes in 1 blocks
==1020281==   total heap usage: 308 allocs, 307 frees, 7,040 bytes allocated
==1020281== 
==1020281== 467 bytes in 1 blocks are definitely lost in loss record 1 of 1
==1020281==    at 0x4848899: malloc (in /usr/libexec/valgrind/vgpreload_memcheck-amd64-linux.so)
==1020281==    by 0x4024E8: ft_strdup (in /home/syee/minihell/minishell)
==1020281==    by 0x403398: get_key_value (in /home/syee/minihell/minishell)
==1020281==    by 0x4036E5: binary (in /home/syee/minihell/minishell)
==1020281==    by 0x40125B: main (in /home/syee/minihell/minishell)
==1020281== 
==1020281== LEAK SUMMARY:
==1020281==    definitely lost: 467 bytes in 1 blocks
==1020281==    indirectly lost: 0 bytes in 0 blocks
==1020281==      possibly lost: 0 bytes in 0 blocks
==1020281==    still reachable: 0 bytes in 0 blocks
==1020281==         suppressed: 0 bytes in 0 blocks
==1020281== 
==1020281== For lists of detected and suppressed errors, rerun with: -s
==1020281== ERROR SUMMARY: 1 errors from 1 contexts (suppressed: 0 from 0)
